这是新建的test文件
